TLC2 Version 2.19 of 08 August 2024 (rev: 5a47802)
Running breadth-first search Model-Checking with fp 0 and seed 0 with 2 workers on 2 cores with 736MB heap and 64MB offheap memory [pid: 39884] (Windows 11 10.0 amd64, Eclipse Adoptium 21.0.12.1 x86_64, MSBDiskFPSet, DiskStateQueue).
Parsing file COP_as_written.tla
Parsing file C:\Users\matty\Dev\AI-Succession-Problem\verification\tla\tmp\Integers.tla
Parsing file C:\Users\matty\Dev\AI-Succession-Problem\verification\tla\tmp\FiniteSets.tla
Parsing file C:\Users\matty\Dev\AI-Succession-Problem\verification\tla\tmp\TLC.tla
Parsing file C:\Users\matty\Dev\AI-Succession-Problem\verification\tla\tmp\Naturals.tla
Parsing file COP_core.tla
Parsing file C:\Users\matty\Dev\AI-Succession-Problem\verification\tla\tmp\Sequences.tla
Semantic processing of module Naturals
Semantic processing of module Integers
Semantic processing of module Sequences
Semantic processing of module FiniteSets
Semantic processing of module TLC
Semantic processing of module COP_core
Semantic processing of module COP_as_written
Starting... (2026-09-26 00:24:50)
Computing initial states...
Computed 2 initial states...
Computed 4 initial states...
Computed 8 initial states...
Computed 16 initial states...
Computed 32 initial states...
Computed 64 initial states...
Computed 128 initial states...
Computed 256 initial states...
Computed 512 initial states...
Computed 1024 initial states...
Computed 2048 initial states...
Computed 4096 initial states...
Computed 8192 initial states...
Computed 16384 initial states...
Computed 32768 initial states...
Computed 65536 initial states...
Computed 131072 initial states...
Computed 262144 initial states...
Computed 524288 initial states...
Finished computing initial states: 741888 distinct states generated at 2026-09-26 00:25:08.
Error: Invariant SignatureSafety is violated.
Error: The behavior up to this point is:
State 1: <Initial predicate>
/\ phase = "ready"
/\ bioYes = 1
/\ trust = 90
/\ sawReset = FALSE
/\ honestYes = 1
/\ m = 1
/\ n = 1
/\ route = "none"
/\ faulty = 0
/\ certificateEpoch = 0
/\ review = "Complete"
/\ panelEpoch = 0
/\ anomalies = 0
/\ faultyYes = 0
/\ evidence = {"Ledger"}

State 2: <Action line 10, col 1 to line 10, col 41 of module COP_as_written>
/\ phase = "executed"
/\ bioYes = 1
/\ trust = 90
/\ sawReset = FALSE
/\ honestYes = 1
/\ m = 1
/\ n = 1
/\ route = "normal"
/\ faulty = 0
/\ certificateEpoch = 0
/\ review = "Complete"
/\ panelEpoch = 0
/\ anomalies = 0
/\ faultyYes = 0
/\ evidence = {"Ledger"}

741889 states generated, 741889 distinct states found, 741775 states left on queue.
The depth of the complete state graph search is 2.
The average outdegree of the complete state graph is 0 (minimum is 0, the maximum 0 and the 95th percentile is 0).
Finished in 18s at (2026-09-26 00:25:08)
